<html>
<body>
<pre>
<h1>µVision Build Log</h1>
<h2>Project:</h2>
X:\!PROJEKTE\WebFHAU\gitStellarisLM3_SVMotor\MDK-ARM\hsa_project.uvproj
Project File Date:  09/21/2013

<h2>Output:</h2>
Build target 'SVM'
compiling PWM.c...
linking...
Program Size: Code=2752 RO-data=32 RW-data=8 ZI-data=456  
"..\OBJ\hsa_project.axf" - 0 Errors, 0 Warning(s).
Load "..\\OBJ\\hsa_project.axf" 
Erase Done.
Programming Done.
Verify OK.
Build target 'SVM'
compiling PWM.c...
linking...
Program Size: Code=2752 RO-data=32 RW-data=8 ZI-data=456  
"..\OBJ\hsa_project.axf" - 0 Errors, 0 Warning(s).
Load "..\\OBJ\\hsa_project.axf" 
Erase Done.
Programming Done.
Verify OK.
Build target 'SVM'
compiling system.c...
compiling ADC.c...
linking...
Program Size: Code=2768 RO-data=32 RW-data=8 ZI-data=456  
"..\OBJ\hsa_project.axf" - 0 Errors, 0 Warning(s).
Load "..\\OBJ\\hsa_project.axf" 
Erase Done.
Programming Done.
Verify OK.
Build target 'SVM'
compiling system.c...
compiling PWM.c...
linking...
Program Size: Code=2768 RO-data=32 RW-data=8 ZI-data=456  
"..\OBJ\hsa_project.axf" - 0 Errors, 0 Warning(s).
Load "..\\OBJ\\hsa_project.axf" 
Erase Done.
Programming Done.
Verify OK.
Rebuild target 'SVM'
compiling main.c...
assembling Startup.s...
assembling setclock.s...
compiling rs232.c...
compiling system.c...
compiling GPIO.c...
compiling ADC.c...
compiling PWM.c...
linking...
Program Size: Code=2768 RO-data=32 RW-data=8 ZI-data=456  
"..\OBJ\hsa_project.axf" - 0 Errors, 0 Warning(s).
Load "..\\OBJ\\hsa_project.axf" 
Erase Done.
Programming Done.
Verify OK.
Rebuild target 'SVM'
compiling main.c...
assembling Startup.s...
assembling setclock.s...
compiling rs232.c...
compiling system.c...
compiling GPIO.c...
compiling ADC.c...
compiling PWM.c...
linking...
Program Size: Code=2776 RO-data=32 RW-data=8 ZI-data=456  
"..\OBJ\hsa_project.axf" - 0 Errors, 0 Warning(s).
Load "..\\OBJ\\hsa_project.axf" 
Erase Done.
Programming Done.
Verify OK.
