<html>
<body>
<pre>
<h1>µVision Build Log</h1>
<h2>Project:</h2>
X:\!PROJEKTE\WebFHAU\gitStellarisLM3_SVMotor\MDK-ARM\hsa_project.uvproj
Project File Date:  09/21/2013

<h2>Output:</h2>
Rebuild target 'ADC'
compiling main.c...
assembling Startup.s...
assembling setclock.s...
compiling rs232.c...
compiling system.c...
compiling GPIO.c...
compiling ADC.c...
linking...
Program Size: Code=2544 RO-data=32 RW-data=8 ZI-data=456  
"..\OBJ\hsa_project.axf" - 0 Errors, 0 Warning(s).
Load "..\\OBJ\\hsa_project.axf" 
Erase Done.
Programming Done.
Verify OK.
Rebuild target 'ADC'
compiling main.c...
assembling Startup.s...
assembling setclock.s...
compiling rs232.c...
compiling system.c...
..\system.c(57): warning:  #177-D: variable "w_x" was declared but never referenced
compiling GPIO.c...
compiling ADC.c...
linking...
Program Size: Code=2512 RO-data=32 RW-data=8 ZI-data=456  
"..\OBJ\hsa_project.axf" - 0 Errors, 1 Warning(s).
Load "..\\OBJ\\hsa_project.axf" 
Erase Done.
Programming Done.
Verify OK.
Rebuild target 'ADC'
compiling main.c...
assembling Startup.s...
assembling setclock.s...
compiling rs232.c...
compiling system.c...
compiling GPIO.c...
compiling ADC.c...
linking...
Program Size: Code=2552 RO-data=32 RW-data=8 ZI-data=456  
"..\OBJ\hsa_project.axf" - 0 Errors, 0 Warning(s).
Rebuild target 'ADC'
compiling main.c...
assembling Startup.s...
assembling setclock.s...
compiling rs232.c...
compiling system.c...
compiling GPIO.c...
compiling ADC.c...
linking...
Program Size: Code=2552 RO-data=32 RW-data=8 ZI-data=456  
"..\OBJ\hsa_project.axf" - 0 Errors, 0 Warning(s).
Load "..\\OBJ\\hsa_project.axf" 
Erase Done.
Programming Done.
Verify OK.
Build target 'ADC'
compiling system.c...
linking...
Program Size: Code=2472 RO-data=32 RW-data=8 ZI-data=456  
"..\OBJ\hsa_project.axf" - 0 Errors, 0 Warning(s).
Load "..\\OBJ\\hsa_project.axf" 
Erase Done.
Programming Done.
Verify OK.
Build target 'ADC'
compiling main.c...
compiling system.c...
linking...
Program Size: Code=2508 RO-data=32 RW-data=8 ZI-data=456  
"..\OBJ\hsa_project.axf" - 0 Errors, 0 Warning(s).
Load "..\\OBJ\\hsa_project.axf" 
Erase Done.
Programming Done.
Verify OK.
Build target 'ADC'
compiling system.c...
linking...
Program Size: Code=2588 RO-data=32 RW-data=8 ZI-data=456  
"..\OBJ\hsa_project.axf" - 0 Errors, 0 Warning(s).
Load "..\\OBJ\\hsa_project.axf" 
Erase Done.
Programming Done.
Verify OK.
Build target 'ADC'
compiling system.c...
linking...
Program Size: Code=2596 RO-data=32 RW-data=8 ZI-data=456  
"..\OBJ\hsa_project.axf" - 0 Errors, 0 Warning(s).
Load "..\\OBJ\\hsa_project.axf" 
Erase Done.
Programming Done.
Verify OK.
Rebuild target 'ADC'
compiling main.c...
assembling Startup.s...
assembling setclock.s...
compiling rs232.c...
compiling system.c...
compiling GPIO.c...
compiling ADC.c...
linking...
Program Size: Code=2596 RO-data=32 RW-data=8 ZI-data=456  
"..\OBJ\hsa_project.axf" - 0 Errors, 0 Warning(s).
Load "..\\OBJ\\hsa_project.axf" 
Erase Done.
Programming Done.
Verify OK.
Rebuild target 'SVM'
compiling main.c...
assembling Startup.s...
assembling setclock.s...
compiling rs232.c...
compiling system.c...
compiling GPIO.c...
compiling ADC.c...
linking...
Program Size: Code=2596 RO-data=32 RW-data=8 ZI-data=456  
"..\OBJ\hsa_project.axf" - 0 Errors, 0 Warning(s).
